---
source: crates/engine/tests/replay_determinism.rs
expression: result
---
total_events: 1000
total_trades: 0
net_pnl_qt: 0
trade_pnls_qt: []
obi_values:
  - ~
  - ~
  - ~
  - ~
  - ~
  - ~
  - ~
  - ~
  - ~
  - ~
  - ~
  - ~
  - ~
  - ~
  - ~
  - ~
  - ~
  - ~
  - ~
  - ~
  - ~
  - ~
  - ~
  - ~
  - ~
  - ~
  - ~
  - ~
  - ~
  - ~
  - ~
  - ~
  - ~
  - ~
  - ~
  - ~
  - ~
  - ~
  - ~
  - ~
  - ~
  - ~
  - ~
  - ~
  - ~
  - ~
  - ~
  - ~
  - ~
  - ~
  - ~
  - ~
  - ~
  - ~
  - ~
  - ~
  - ~
  - ~
  - ~
  - ~
  - ~
  - ~
  - ~
  - ~
  - ~
  - ~
  - ~
  - ~
  - ~
  - ~
  - ~
  - ~
  - ~
  - ~
  - ~
  - ~
  - ~
  - ~
  - ~
  - ~
  - ~
  - ~
  - ~
  - ~
  - ~
  - ~
  - ~
  - ~
  - ~
  - ~
  - ~
  - ~
  - ~
  - ~
  - ~
  - ~
  - ~
  - ~
  - ~
  - ~
  - ~
  - ~
  - ~
  - ~
  - ~
  - ~
  - ~
  - ~
  - ~
  - ~
  - ~
  - ~
  - ~
  - ~
  - ~
  - ~
  - ~
  - ~
  - ~
  - ~
  - ~
  - ~
  - ~
  - ~
  - ~
  - ~
  - ~
  - ~
  - ~
  - ~
  - ~
  - ~
  - ~
  - ~
  - ~
  - ~
  - ~
  - ~
  - ~
  - ~
  - ~
  - ~
  - ~
  - ~
  - ~
  - ~
  - ~
  - ~
  - ~
  - ~
  - ~
  - ~
  - ~
  - ~
  - ~
  - ~
  - ~
  - ~
  - ~
  - ~
  - ~
  - ~
  - ~
  - ~
  - ~
  - ~
  - ~
  - ~
  - ~
  - ~
  - ~
  - ~
  - ~
  - ~
  - ~
  - ~
  - ~
  - ~
  - ~
  - ~
  - ~
  - ~
  - ~
  - ~
  - ~
  - ~
  - ~
  - ~
  - ~
  - ~
  - ~
  - ~
  - ~
  - ~
  - ~
  - ~
  - ~
  - ~
  - ~
  - ~
  - ~
  - ~
  - ~
  - ~
  - ~
  - ~
  - ~
  - ~
  - ~
  - ~
  - ~
  - ~
  - ~
  - ~
  - ~
  - ~
  - ~
  - ~
  - ~
  - ~
  - ~
  - ~
  - ~
  - ~
  - ~
  - ~
  - ~
  - ~
  - ~
  - ~
  - ~
  - ~
  - ~
  - ~
  - ~
  - ~
  - ~
  - ~
  - ~
  - ~
  - ~
  - ~
  - ~
  - ~
  - ~
  - ~
  - ~
  - ~
  - ~
  - ~
  - ~
  - ~
  - ~
  - ~
  - ~
  - ~
  - ~
  - ~
  - ~
  - ~
  - ~
  - ~
  - ~
  - ~
  - ~
  - ~
  - ~
  - ~
  - ~
  - ~
  - ~
  - ~
  - ~
  - ~
  - ~
  - ~
  - ~
  - ~
  - ~
  - ~
  - ~
  - ~
  - ~
  - ~
  - ~
  - ~
  - ~
  - ~
  - ~
  - ~
  - ~
  - ~
  - ~
  - ~
  - ~
  - ~
  - ~
  - ~
  - ~
  - ~
  - ~
  - ~
  - ~
  - ~
  - ~
  - ~
  - ~
  - ~
  - ~
  - ~
  - ~
  - ~
  - ~
  - ~
  - ~
  - ~
  - ~
  - ~
  - ~
  - ~
  - ~
  - ~
  - ~
  - ~
  - ~
  - ~
  - ~
  - ~
  - ~
  - ~
  - ~
  - ~
  - ~
  - ~
  - ~
  - ~
  - ~
  - ~
  - ~
  - ~
  - ~
  - ~
  - ~
  - ~
  - ~
  - ~
  - ~
  - ~
  - ~
  - ~
  - ~
  - ~
  - ~
  - ~
  - ~
  - ~
  - ~
  - ~
  - ~
  - ~
  - ~
  - ~
  - ~
  - ~
  - ~
  - ~
  - ~
  - ~
  - ~
  - ~
  - ~
  - ~
  - ~
  - ~
  - ~
  - ~
  - ~
  - ~
  - ~
  - ~
  - ~
  - ~
  - ~
  - ~
  - ~
  - ~
  - ~
  - ~
  - ~
  - ~
  - ~
  - ~
  - ~
  - ~
  - ~
  - ~
  - ~
  - ~
  - ~
  - ~
  - ~
  - ~
  - ~
  - ~
  - ~
  - ~
  - ~
  - ~
  - ~
  - ~
  - ~
  - ~
  - ~
  - ~
  - ~
  - ~
  - ~
  - ~
  - ~
  - ~
  - ~
  - ~
  - ~
  - ~
  - ~
  - ~
  - ~
  - ~
  - ~
  - ~
  - ~
  - ~
  - ~
  - ~
  - ~
  - ~
  - ~
  - ~
  - ~
  - ~
  - ~
  - ~
  - ~
  - ~
  - ~
  - ~
  - ~
  - ~
  - ~
  - ~
  - ~
  - ~
  - ~
  - ~
  - ~
  - ~
  - ~
  - ~
  - ~
  - ~
  - ~
  - ~
  - ~
  - ~
  - ~
  - ~
  - ~
  - ~
  - ~
  - ~
  - ~
  - ~
  - ~
  - ~
  - ~
  - ~
  - ~
  - ~
  - ~
  - ~
  - ~
  - ~
  - ~
  - ~
  - ~
  - ~
  - ~
  - ~
  - ~
  - ~
  - ~
  - ~
  - ~
  - ~
  - ~
  - ~
  - ~
  - ~
  - ~
  - ~
  - ~
  - ~
  - ~
  - ~
  - ~
  - ~
  - ~
  - ~
  - ~
  - ~
  - ~
  - ~
  - ~
  - ~
  - ~
  - ~
  - ~
  - ~
  - ~
  - ~
  - ~
  - ~
  - ~
  - ~
  - ~
  - ~
  - ~
  - ~
  - ~
  - ~
  - ~
  - ~
  - ~
  - ~
  - ~
  - ~
  - ~
  - ~
  - ~
  - ~
  - ~
  - ~
  - ~
  - ~
  - ~
  - ~
  - ~
  - ~
  - ~
  - ~
  - ~
  - ~
  - ~
  - ~
  - ~
  - ~
  - ~
  - ~
  - ~
  - ~
  - ~
  - ~
  - ~
  - ~
  - ~
  - ~
  - ~
  - ~
  - ~
  - ~
  - ~
  - ~
  - ~
  - ~
  - ~
  - ~
  - ~
  - ~
  - ~
  - ~
  - ~
  - ~
  - ~
  - ~
  - ~
  - ~
  - ~
  - ~
  - ~
  - ~
  - ~
  - ~
  - ~
  - ~
  - ~
  - ~
  - ~
  - ~
  - ~
  - ~
  - ~
  - ~
  - ~
  - ~
  - ~
  - ~
  - ~
  - ~
  - ~
  - ~
  - ~
  - ~
  - ~
  - ~
  - ~
  - ~
  - ~
  - ~
  - ~
  - ~
  - ~
  - ~
  - ~
  - ~
  - ~
  - ~
  - ~
  - ~
  - ~
  - ~
  - ~
  - ~
  - ~
  - ~
  - ~
  - ~
  - ~
  - ~
  - ~
  - ~
  - ~
  - ~
  - ~
  - ~
  - ~
  - ~
  - ~
  - ~
  - ~
  - ~
  - ~
  - ~
  - ~
  - ~
  - ~
  - ~
  - ~
  - ~
  - ~
  - ~
  - ~
  - ~
  - ~
  - ~
  - ~
  - ~
  - ~
  - ~
  - ~
  - ~
  - ~
  - ~
  - ~
  - ~
  - ~
  - ~
  - ~
  - ~
  - ~
  - ~
  - ~
  - ~
  - ~
  - ~
  - ~
  - ~
  - ~
  - ~
  - ~
  - ~
  - ~
  - ~
  - ~
  - ~
  - ~
  - ~
  - ~
  - ~
  - ~
  - ~
  - ~
  - ~
  - ~
  - ~
  - ~
  - ~
  - ~
  - ~
  - ~
  - ~
  - ~
  - ~
  - ~
  - ~
  - ~
  - ~
  - ~
  - ~
  - ~
  - ~
  - ~
  - ~
  - ~
  - ~
  - ~
  - ~
  - ~
  - ~
  - ~
  - ~
  - ~
  - ~
  - ~
  - ~
  - ~
  - ~
  - ~
  - ~
  - ~
  - ~
  - ~
  - ~
  - ~
  - ~
  - ~
  - ~
  - ~
  - ~
  - ~
  - ~
  - ~
  - ~
  - ~
  - ~
  - ~
  - ~
  - ~
  - ~
  - ~
  - ~
  - ~
  - ~
  - ~
  - ~
  - ~
  - ~
  - ~
  - ~
  - ~
  - ~
  - ~
  - ~
  - ~
  - ~
  - ~
  - ~
  - ~
  - ~
  - ~
  - ~
  - ~
  - ~
  - ~
  - ~
  - ~
  - ~
  - ~
  - ~
  - ~
  - ~
  - ~
  - ~
  - ~
  - ~
  - ~
  - ~
  - ~
  - ~
  - ~
  - ~
  - ~
  - ~
  - ~
  - ~
  - ~
  - ~
  - ~
  - ~
  - ~
  - ~
  - ~
  - ~
  - ~
  - ~
  - ~
  - ~
  - ~
  - ~
  - ~
  - ~
  - ~
  - ~
  - ~
  - ~
  - ~
  - ~
  - ~
  - ~
  - ~
  - ~
  - ~
  - ~
  - ~
  - ~
  - ~
  - ~
  - ~
  - ~
  - ~
  - ~
  - ~
  - ~
  - ~
  - ~
  - ~
  - ~
  - ~
  - ~
  - ~
  - ~
  - ~
  - ~
  - ~
  - ~
  - ~
  - ~
  - ~
  - ~
  - ~
  - ~
  - ~
  - ~
  - ~
  - ~
  - ~
  - ~
  - ~
  - ~
  - ~
  - ~
  - ~
  - ~
  - ~
  - ~
  - ~
  - ~
  - ~
  - ~
  - ~
  - ~
  - ~
  - ~
  - ~
  - ~
  - ~
  - ~
  - ~
  - ~
  - ~
  - ~
  - ~
  - ~
  - ~
  - ~
  - ~
  - ~
  - ~
  - ~
  - ~
  - ~
  - ~
  - ~
  - ~
  - ~
  - ~
  - ~
  - ~
  - ~
  - ~
  - ~
  - ~
  - ~
  - ~
  - ~
  - ~
  - ~
  - ~
  - ~
  - ~
  - ~
  - ~
  - ~
  - ~
  - ~
  - ~
  - ~
  - ~
  - ~
  - ~
  - ~
  - ~
  - ~
  - ~
  - ~
  - ~
  - ~
  - ~
  - ~
  - ~
  - ~
  - ~
  - ~
  - ~
  - ~
  - ~
  - ~
  - ~
  - ~
  - ~
  - ~
  - ~
  - ~
  - ~
  - ~
  - ~
  - ~
  - ~
  - ~
  - ~
  - ~
  - ~
  - ~
  - ~
  - ~
  - ~
  - ~
  - ~
  - ~
  - ~
  - ~
  - ~
  - ~
  - ~
  - ~
  - ~
  - ~
  - ~
  - ~
  - ~
  - ~
  - ~
  - ~
  - ~
  - ~
  - ~
  - ~
  - ~
  - ~
  - ~
  - ~
  - ~
  - ~
  - ~
  - ~
  - ~
  - ~
  - ~
  - ~
  - ~
  - ~
vpin_values:
  - ~
  - ~
  - ~
  - ~
  - ~
  - ~
  - ~
  - ~
  - ~
  - ~
  - ~
  - ~
  - ~
  - ~
  - ~
  - ~
  - ~
  - ~
  - ~
  - ~
  - ~
  - ~
  - ~
  - ~
  - ~
  - ~
  - ~
  - ~
  - ~
  - ~
  - ~
  - ~
  - ~
  - ~
  - ~
  - ~
  - ~
  - ~
  - ~
  - ~
  - ~
  - ~
  - ~
  - ~
  - ~
  - ~
  - ~
  - ~
  - ~
  - ~
  - ~
  - ~
  - ~
  - ~
  - ~
  - ~
  - ~
  - ~
  - ~
  - ~
  - ~
  - ~
  - ~
  - ~
  - ~
  - ~
  - ~
  - ~
  - ~
  - ~
  - ~
  - ~
  - ~
  - ~
  - ~
  - ~
  - ~
  - ~
  - ~
  - ~
  - ~
  - ~
  - ~
  - ~
  - ~
  - ~
  - ~
  - ~
  - ~
  - ~
  - ~
  - ~
  - ~
  - ~
  - ~
  - ~
  - ~
  - ~
  - ~
  - ~
  - ~
  - ~
  - ~
  - ~
  - ~
  - ~
  - ~
  - ~
  - ~
  - ~
  - ~
  - ~
  - ~
  - ~
  - ~
  - ~
  - ~
  - ~
  - ~
  - ~
  - ~
  - ~
  - ~
  - ~
  - ~
  - ~
  - ~
  - ~
  - ~
  - ~
  - ~
  - ~
  - ~
  - ~
  - ~
  - ~
  - ~
  - ~
  - ~
  - ~
  - ~
  - ~
  - ~
  - ~
  - ~
  - ~
  - ~
  - ~
  - ~
  - ~
  - ~
  - ~
  - ~
  - ~
  - ~
  - ~
  - ~
  - ~
  - ~
  - ~
  - ~
  - ~
  - ~
  - ~
  - ~
  - ~
  - ~
  - ~
  - ~
  - ~
  - ~
  - ~
  - ~
  - ~
  - ~
  - ~
  - ~
  - ~
  - ~
  - ~
  - ~
  - ~
  - ~
  - ~
  - ~
  - ~
  - ~
  - ~
  - 0.328
  - 0.328
  - 0.328
  - 0.328
  - 0.328
  - 0.328
  - 0.328
  - 0.328
  - 0.328
  - 0.328
  - 0.328
  - 0.328
  - 0.328
  - 0.328
  - 0.328
  - 0.328
  - 0.328
  - 0.328
  - 0.328
  - 0.328
  - 0.328
  - 0.328
  - 0.328
  - 0.328
  - 0.328
  - 0.328
  - 0.328
  - 0.328
  - 0.328
  - 0.328
  - 0.328
  - 0.328
  - 0.328
  - 0.328
  - 0.328
  - 0.328
  - 0.328
  - 0.328
  - 0.328
  - 0.336
  - 0.336
  - 0.336
  - 0.336
  - 0.336
  - 0.336
  - 0.336
  - 0.336
  - 0.336
  - 0.336
  - 0.336
  - 0.336
  - 0.336
  - 0.336
  - 0.336
  - 0.336
  - 0.336
  - 0.336
  - 0.336
  - 0.336
  - 0.336
  - 0.336
  - 0.336
  - 0.336
  - 0.336
  - 0.336
  - 0.336
  - 0.336
  - 0.336
  - 0.336
  - 0.336
  - 0.336
  - 0.336
  - 0.336
  - 0.336
  - 0.336
  - 0.336
  - 0.336
  - 0.336
  - 0.328
  - 0.328
  - 0.328
  - 0.328
  - 0.328
  - 0.328
  - 0.328
  - 0.328
  - 0.328
  - 0.328
  - 0.328
  - 0.328
  - 0.328
  - 0.328
  - 0.328
  - 0.328
  - 0.328
  - 0.328
  - 0.328
  - 0.328
  - 0.328
  - 0.328
  - 0.328
  - 0.328
  - 0.328
  - 0.328
  - 0.328
  - 0.328
  - 0.328
  - 0.328
  - 0.328
  - 0.328
  - 0.328
  - 0.328
  - 0.328
  - 0.328
  - 0.328
  - 0.328
  - 0.328
  - 0.328
  - 0.328
  - 0.328
  - 0.328
  - 0.328
  - 0.328
  - 0.328
  - 0.328
  - 0.328
  - 0.328
  - 0.328
  - 0.328
  - 0.328
  - 0.328
  - 0.328
  - 0.328
  - 0.328
  - 0.328
  - 0.328
  - 0.328
  - 0.328
  - 0.328
  - 0.328
  - 0.328
  - 0.328
  - 0.328
  - 0.328
  - 0.328
  - 0.328
  - 0.328
  - 0.328
  - 0.328
  - 0.328
  - 0.328
  - 0.328
  - 0.328
  - 0.336
  - 0.336
  - 0.336
  - 0.336
  - 0.336
  - 0.336
  - 0.336
  - 0.336
  - 0.336
  - 0.336
  - 0.336
  - 0.336
  - 0.336
  - 0.336
  - 0.336
  - 0.336
  - 0.336
  - 0.336
  - 0.336
  - 0.336
  - 0.336
  - 0.336
  - 0.336
  - 0.336
  - 0.336
  - 0.336
  - 0.336
  - 0.336
  - 0.336
  - 0.336
  - 0.336
  - 0.336
  - 0.336
  - 0.336
  - 0.336
  - 0.336
  - 0.328
  - 0.328
  - 0.328
  - 0.328
  - 0.328
  - 0.328
  - 0.328
  - 0.328
  - 0.328
  - 0.328
  - 0.328
  - 0.328
  - 0.328
  - 0.328
  - 0.328
  - 0.328
  - 0.328
  - 0.328
  - 0.328
  - 0.328
  - 0.328
  - 0.328
  - 0.328
  - 0.328
  - 0.328
  - 0.328
  - 0.328
  - 0.328
  - 0.328
  - 0.328
  - 0.328
  - 0.328
  - 0.328
  - 0.328
  - 0.328
  - 0.328
  - 0.328
  - 0.328
  - 0.328
  - 0.344
  - 0.344
  - 0.344
  - 0.344
  - 0.344
  - 0.344
  - 0.344
  - 0.344
  - 0.344
  - 0.344
  - 0.344
  - 0.344
  - 0.344
  - 0.344
  - 0.344
  - 0.344
  - 0.344
  - 0.344
  - 0.344
  - 0.344
  - 0.344
  - 0.344
  - 0.344
  - 0.344
  - 0.344
  - 0.344
  - 0.344
  - 0.344
  - 0.344
  - 0.344
  - 0.344
  - 0.344
  - 0.344
  - 0.344
  - 0.344
  - 0.344
  - 0.344
  - 0.344
  - 0.344
  - 0.328
  - 0.328
  - 0.328
  - 0.328
  - 0.328
  - 0.328
  - 0.328
  - 0.328
  - 0.328
  - 0.328
  - 0.328
  - 0.328
  - 0.328
  - 0.328
  - 0.328
  - 0.328
  - 0.328
  - 0.328
  - 0.328
  - 0.328
  - 0.328
  - 0.328
  - 0.328
  - 0.328
  - 0.328
  - 0.328
  - 0.328
  - 0.328
  - 0.328
  - 0.328
  - 0.328
  - 0.328
  - 0.328
  - 0.328
  - 0.328
  - 0.328
  - 0.328
  - 0.328
  - 0.328
  - 0.328
  - 0.328
  - 0.328
  - 0.328
  - 0.328
  - 0.328
  - 0.328
  - 0.328
  - 0.328
  - 0.328
  - 0.328
  - 0.328
  - 0.328
  - 0.328
  - 0.328
  - 0.328
  - 0.328
  - 0.328
  - 0.328
  - 0.328
  - 0.328
  - 0.328
  - 0.328
  - 0.328
  - 0.328
  - 0.328
  - 0.328
  - 0.328
  - 0.328
  - 0.328
  - 0.328
  - 0.328
  - 0.328
  - 0.328
  - 0.328
  - 0.328
  - 0.328
  - 0.328
  - 0.328
  - 0.328
  - 0.328
  - 0.328
  - 0.328
  - 0.328
  - 0.328
  - 0.328
  - 0.328
  - 0.328
  - 0.328
  - 0.328
  - 0.328
  - 0.328
  - 0.328
  - 0.328
  - 0.328
  - 0.328
  - 0.328
  - 0.328
  - 0.328
  - 0.328
  - 0.328
  - 0.328
  - 0.328
  - 0.328
  - 0.328
  - 0.328
  - 0.328
  - 0.328
  - 0.328
  - 0.328
  - 0.328
  - 0.328
  - 0.328
  - 0.328
  - 0.328
  - 0.328
  - 0.328
  - 0.328
  - 0.328
  - 0.328
  - 0.328
  - 0.328
  - 0.328
  - 0.328
  - 0.328
  - 0.328
  - 0.328
  - 0.328
  - 0.328
  - 0.328
  - 0.328
  - 0.328
  - 0.328
  - 0.328
  - 0.328
  - 0.328
  - 0.328
  - 0.328
  - 0.328
  - 0.328
  - 0.328
  - 0.328
  - 0.328
  - 0.328
  - 0.328
  - 0.328
  - 0.328
  - 0.328
  - 0.328
  - 0.328
  - 0.328
  - 0.344
  - 0.344
  - 0.344
  - 0.344
  - 0.344
  - 0.344
  - 0.344
  - 0.344
  - 0.344
  - 0.344
  - 0.344
  - 0.344
  - 0.344
  - 0.344
  - 0.344
  - 0.344
  - 0.344
  - 0.344
  - 0.344
  - 0.344
  - 0.344
  - 0.344
  - 0.344
  - 0.344
  - 0.344
  - 0.344
  - 0.344
  - 0.344
  - 0.344
  - 0.344
  - 0.344
  - 0.344
  - 0.344
  - 0.344
  - 0.344
  - 0.344
  - 0.328
  - 0.328
  - 0.328
  - 0.328
  - 0.328
  - 0.328
  - 0.328
  - 0.328
  - 0.328
  - 0.328
  - 0.328
  - 0.328
  - 0.328
  - 0.328
  - 0.328
  - 0.328
  - 0.328
  - 0.328
  - 0.328
  - 0.328
  - 0.328
  - 0.328
  - 0.328
  - 0.328
  - 0.328
  - 0.328
  - 0.328
  - 0.328
  - 0.328
  - 0.328
  - 0.328
  - 0.328
  - 0.328
  - 0.328
  - 0.328
  - 0.328
  - 0.328
  - 0.328
  - 0.328
  - 0.328
  - 0.328
  - 0.328
  - 0.328
  - 0.328
  - 0.328
  - 0.328
  - 0.328
  - 0.328
  - 0.328
  - 0.328
  - 0.328
  - 0.328
  - 0.328
  - 0.328
  - 0.328
  - 0.328
  - 0.328
  - 0.328
  - 0.328
  - 0.328
  - 0.328
  - 0.328
  - 0.328
  - 0.328
  - 0.328
  - 0.328
  - 0.328
  - 0.328
  - 0.328
  - 0.328
  - 0.328
  - 0.328
  - 0.344
  - 0.344
  - 0.344
  - 0.344
  - 0.344
  - 0.344
  - 0.344
  - 0.344
  - 0.344
  - 0.344
  - 0.344
  - 0.344
  - 0.344
  - 0.344
  - 0.344
  - 0.344
  - 0.344
  - 0.344
  - 0.344
  - 0.344
  - 0.344
  - 0.344
  - 0.344
  - 0.344
  - 0.344
  - 0.344
  - 0.344
  - 0.344
  - 0.344
  - 0.344
  - 0.344
  - 0.344
  - 0.344
  - 0.344
  - 0.344
  - 0.344
  - 0.344
  - 0.344
  - 0.344
  - 0.328
  - 0.328
  - 0.328
  - 0.328
  - 0.328
  - 0.328
  - 0.328
  - 0.328
  - 0.328
  - 0.328
  - 0.328
  - 0.328
  - 0.328
  - 0.328
  - 0.328
  - 0.328
  - 0.328
  - 0.328
  - 0.328
  - 0.328
  - 0.328
  - 0.328
  - 0.328
  - 0.328
  - 0.328
  - 0.328
  - 0.328
  - 0.328
  - 0.328
  - 0.328
  - 0.328
  - 0.328
  - 0.328
  - 0.328
  - 0.328
  - 0.328
  - 0.328
  - 0.328
  - 0.328
  - 0.336
  - 0.336
  - 0.336
  - 0.336
  - 0.336
  - 0.336
  - 0.336
  - 0.336
  - 0.336
  - 0.336
  - 0.336
  - 0.336
  - 0.336
  - 0.336
  - 0.336
  - 0.336
  - 0.336
  - 0.336
  - 0.336
  - 0.336
  - 0.336
  - 0.336
  - 0.336
  - 0.336
  - 0.336
  - 0.336
  - 0.336
  - 0.336
  - 0.336
  - 0.336
  - 0.336
  - 0.336
  - 0.336
  - 0.336
  - 0.336
  - 0.336
  - 0.336
  - 0.336
  - 0.336
  - 0.344
  - 0.344
  - 0.344
  - 0.344
  - 0.344
  - 0.344
  - 0.344
  - 0.344
  - 0.344
  - 0.344
  - 0.344
  - 0.344
  - 0.344
  - 0.344
  - 0.344
  - 0.344
  - 0.344
  - 0.344
  - 0.344
  - 0.344
  - 0.344
  - 0.344
  - 0.344
  - 0.344
  - 0.344
  - 0.344
  - 0.344
  - 0.344
  - 0.344
  - 0.344
  - 0.344
  - 0.344
  - 0.344
  - 0.344
  - 0.344
  - 0.344
  - 0.336
  - 0.336
  - 0.336
  - 0.336
  - 0.336
  - 0.336
  - 0.336
  - 0.336
  - 0.336
  - 0.336
  - 0.336
  - 0.336
  - 0.336
  - 0.336
  - 0.336
  - 0.336
  - 0.336
  - 0.336
  - 0.336
  - 0.336
  - 0.336
  - 0.336
  - 0.336
  - 0.336
  - 0.336
  - 0.336
  - 0.336
  - 0.336
  - 0.336
  - 0.336
  - 0.336
  - 0.336
  - 0.336
  - 0.336
  - 0.336
  - 0.336
  - 0.344
  - 0.344
  - 0.344
  - 0.344
  - 0.344
  - 0.344
  - 0.344
  - 0.344
  - 0.344
  - 0.344
  - 0.344
  - 0.344
  - 0.344
  - 0.344
  - 0.344
  - 0.344
  - 0.344
  - 0.344
  - 0.344
  - 0.344
  - 0.344
  - 0.344
  - 0.344
  - 0.344
  - 0.344
  - 0.344
  - 0.344
  - 0.344
  - 0.344
  - 0.344
  - 0.344
  - 0.344
  - 0.344
  - 0.344
  - 0.344
  - 0.344
  - 0.344
  - 0.344
  - 0.344
  - 0.328
  - 0.328
  - 0.328
  - 0.328
  - 0.328
  - 0.328
  - 0.328
  - 0.328
  - 0.328
  - 0.328
  - 0.328
  - 0.328
  - 0.328
  - 0.328
  - 0.328
  - 0.328
  - 0.328
  - 0.328
  - 0.328
  - 0.328
  - 0.328
  - 0.328
  - 0.328
  - 0.328
  - 0.328
  - 0.328
  - 0.328
  - 0.328
  - 0.328
  - 0.328
  - 0.328
  - 0.328
  - 0.328
  - 0.328
  - 0.328
  - 0.328
  - 0.328
  - 0.328
  - 0.328
  - 0.328
  - 0.328
  - 0.328
  - 0.328
  - 0.328
  - 0.328
  - 0.328
  - 0.328
  - 0.328
  - 0.328
  - 0.328
  - 0.328
  - 0.328
  - 0.328
  - 0.328
  - 0.328
  - 0.328
  - 0.328
  - 0.328
  - 0.328
microprice_values:
  - ~
  - ~
  - ~
  - ~
  - ~
  - ~
  - ~
  - ~
  - ~
  - ~
  - ~
  - ~
  - ~
  - ~
  - ~
  - ~
  - ~
  - ~
  - ~
  - ~
  - ~
  - ~
  - ~
  - ~
  - ~
  - ~
  - ~
  - ~
  - ~
  - ~
  - ~
  - ~
  - ~
  - ~
  - ~
  - ~
  - ~
  - ~
  - ~
  - ~
  - ~
  - ~
  - ~
  - ~
  - ~
  - ~
  - ~
  - ~
  - ~
  - ~
  - ~
  - ~
  - ~
  - ~
  - ~
  - ~
  - ~
  - ~
  - ~
  - ~
  - ~
  - ~
  - ~
  - ~
  - ~
  - ~
  - ~
  - ~
  - ~
  - ~
  - ~
  - ~
  - ~
  - ~
  - ~
  - ~
  - ~
  - ~
  - ~
  - ~
  - ~
  - ~
  - ~
  - ~
  - ~
  - ~
  - ~
  - ~
  - ~
  - ~
  - ~
  - ~
  - ~
  - ~
  - ~
  - ~
  - ~
  - ~
  - ~
  - ~
  - ~
  - ~
  - ~
  - ~
  - ~
  - ~
  - ~
  - ~
  - ~
  - ~
  - ~
  - ~
  - ~
  - ~
  - ~
  - ~
  - ~
  - ~
  - ~
  - ~
  - ~
  - ~
  - ~
  - ~
  - ~
  - ~
  - ~
  - ~
  - ~
  - ~
  - ~
  - ~
  - ~
  - ~
  - ~
  - ~
  - ~
  - ~
  - ~
  - ~
  - ~
  - ~
  - ~
  - ~
  - ~
  - ~
  - ~
  - ~
  - ~
  - ~
  - ~
  - ~
  - ~
  - ~
  - ~
  - ~
  - ~
  - ~
  - ~
  - ~
  - ~
  - ~
  - ~
  - ~
  - ~
  - ~
  - ~
  - ~
  - ~
  - ~
  - ~
  - ~
  - ~
  - ~
  - ~
  - ~
  - ~
  - ~
  - ~
  - ~
  - ~
  - ~
  - ~
  - ~
  - ~
  - ~
  - ~
  - ~
  - ~
  - ~
  - ~
  - ~
  - ~
  - ~
  - ~
  - ~
  - ~
  - ~
  - ~
  - ~
  - ~
  - ~
  - ~
  - ~
  - ~
  - ~
  - ~
  - ~
  - ~
  - ~
  - ~
  - ~
  - ~
  - ~
  - ~
  - ~
  - ~
  - ~
  - ~
  - ~
  - ~
  - ~
  - ~
  - ~
  - ~
  - ~
  - ~
  - ~
  - ~
  - ~
  - ~
  - ~
  - ~
  - ~
  - ~
  - ~
  - ~
  - ~
  - ~
  - ~
  - ~
  - ~
  - ~
  - ~
  - ~
  - ~
  - ~
  - ~
  - ~
  - ~
  - ~
  - ~
  - ~
  - ~
  - ~
  - ~
  - ~
  - ~
  - ~
  - ~
  - ~
  - ~
  - ~
  - ~
  - ~
  - ~
  - ~
  - ~
  - ~
  - ~
  - ~
  - ~
  - ~
  - ~
  - ~
  - ~
  - ~
  - ~
  - ~
  - ~
  - ~
  - ~
  - ~
  - ~
  - ~
  - ~
  - ~
  - ~
  - ~
  - ~
  - ~
  - ~
  - ~
  - ~
  - ~
  - ~
  - ~
  - ~
  - ~
  - ~
  - ~
  - ~
  - ~
  - ~
  - ~
  - ~
  - ~
  - ~
  - ~
  - ~
  - ~
  - ~
  - ~
  - ~
  - ~
  - ~
  - ~
  - ~
  - ~
  - ~
  - ~
  - ~
  - ~
  - ~
  - ~
  - ~
  - ~
  - ~
  - ~
  - ~
  - ~
  - ~
  - ~
  - ~
  - ~
  - ~
  - ~
  - ~
  - ~
  - ~
  - ~
  - ~
  - ~
  - ~
  - ~
  - ~
  - ~
  - ~
  - ~
  - ~
  - ~
  - ~
  - ~
  - ~
  - ~
  - ~
  - ~
  - ~
  - ~
  - ~
  - ~
  - ~
  - ~
  - ~
  - ~
  - ~
  - ~
  - ~
  - ~
  - ~
  - ~
  - ~
  - ~
  - ~
  - ~
  - ~
  - ~
  - ~
  - ~
  - ~
  - ~
  - ~
  - ~
  - ~
  - ~
  - ~
  - ~
  - ~
  - ~
  - ~
  - ~
  - ~
  - ~
  - ~
  - ~
  - ~
  - ~
  - ~
  - ~
  - ~
  - ~
  - ~
  - ~
  - ~
  - ~
  - ~
  - ~
  - ~
  - ~
  - ~
  - ~
  - ~
  - ~
  - ~
  - ~
  - ~
  - ~
  - ~
  - ~
  - ~
  - ~
  - ~
  - ~
  - ~
  - ~
  - ~
  - ~
  - ~
  - ~
  - ~
  - ~
  - ~
  - ~
  - ~
  - ~
  - ~
  - ~
  - ~
  - ~
  - ~
  - ~
  - ~
  - ~
  - ~
  - ~
  - ~
  - ~
  - ~
  - ~
  - ~
  - ~
  - ~
  - ~
  - ~
  - ~
  - ~
  - ~
  - ~
  - ~
  - ~
  - ~
  - ~
  - ~
  - ~
  - ~
  - ~
  - ~
  - ~
  - ~
  - ~
  - ~
  - ~
  - ~
  - ~
  - ~
  - ~
  - ~
  - ~
  - ~
  - ~
  - ~
  - ~
  - ~
  - ~
  - ~
  - ~
  - ~
  - ~
  - ~
  - ~
  - ~
  - ~
  - ~
  - ~
  - ~
  - ~
  - ~
  - ~
  - ~
  - ~
  - ~
  - ~
  - ~
  - ~
  - ~
  - ~
  - ~
  - ~
  - ~
  - ~
  - ~
  - ~
  - ~
  - ~
  - ~
  - ~
  - ~
  - ~
  - ~
  - ~
  - ~
  - ~
  - ~
  - ~
  - ~
  - ~
  - ~
  - ~
  - ~
  - ~
  - ~
  - ~
  - ~
  - ~
  - ~
  - ~
  - ~
  - ~
  - ~
  - ~
  - ~
  - ~
  - ~
  - ~
  - ~
  - ~
  - ~
  - ~
  - ~
  - ~
  - ~
  - ~
  - ~
  - ~
  - ~
  - ~
  - ~
  - ~
  - ~
  - ~
  - ~
  - ~
  - ~
  - ~
  - ~
  - ~
  - ~
  - ~
  - ~
  - ~
  - ~
  - ~
  - ~
  - ~
  - ~
  - ~
  - ~
  - ~
  - ~
  - ~
  - ~
  - ~
  - ~
  - ~
  - ~
  - ~
  - ~
  - ~
  - ~
  - ~
  - ~
  - ~
  - ~
  - ~
  - ~
  - ~
  - ~
  - ~
  - ~
  - ~
  - ~
  - ~
  - ~
  - ~
  - ~
  - ~
  - ~
  - ~
  - ~
  - ~
  - ~
  - ~
  - ~
  - ~
  - ~
  - ~
  - ~
  - ~
  - ~
  - ~
  - ~
  - ~
  - ~
  - ~
  - ~
  - ~
  - ~
  - ~
  - ~
  - ~
  - ~
  - ~
  - ~
  - ~
  - ~
  - ~
  - ~
  - ~
  - ~
  - ~
  - ~
  - ~
  - ~
  - ~
  - ~
  - ~
  - ~
  - ~
  - ~
  - ~
  - ~
  - ~
  - ~
  - ~
  - ~
  - ~
  - ~
  - ~
  - ~
  - ~
  - ~
  - ~
  - ~
  - ~
  - ~
  - ~
  - ~
  - ~
  - ~
  - ~
  - ~
  - ~
  - ~
  - ~
  - ~
  - ~
  - ~
  - ~
  - ~
  - ~
  - ~
  - ~
  - ~
  - ~
  - ~
  - ~
  - ~
  - ~
  - ~
  - ~
  - ~
  - ~
  - ~
  - ~
  - ~
  - ~
  - ~
  - ~
  - ~
  - ~
  - ~
  - ~
  - ~
  - ~
  - ~
  - ~
  - ~
  - ~
  - ~
  - ~
  - ~
  - ~
  - ~
  - ~
  - ~
  - ~
  - ~
  - ~
  - ~
  - ~
  - ~
  - ~
  - ~
  - ~
  - ~
  - ~
  - ~
  - ~
  - ~
  - ~
  - ~
  - ~
  - ~
  - ~
  - ~
  - ~
  - ~
  - ~
  - ~
  - ~
  - ~
  - ~
  - ~
  - ~
  - ~
  - ~
  - ~
  - ~
  - ~
  - ~
  - ~
  - ~
  - ~
  - ~
  - ~
  - ~
  - ~
  - ~
  - ~
  - ~
  - ~
  - ~
  - ~
  - ~
  - ~
  - ~
  - ~
  - ~
  - ~
  - ~
  - ~
  - ~
  - ~
  - ~
  - ~
  - ~
  - ~
  - ~
  - ~
  - ~
  - ~
  - ~
  - ~
  - ~
  - ~
  - ~
  - ~
  - ~
  - ~
  - ~
  - ~
  - ~
  - ~
  - ~
  - ~
  - ~
  - ~
  - ~
  - ~
  - ~
  - ~
  - ~
  - ~
  - ~
  - ~
  - ~
  - ~
  - ~
  - ~
  - ~
  - ~
  - ~
  - ~
  - ~
  - ~
  - ~
  - ~
  - ~
  - ~
  - ~
  - ~
  - ~
  - ~
  - ~
  - ~
  - ~
  - ~
  - ~
  - ~
  - ~
  - ~
  - ~
  - ~
  - ~
  - ~
  - ~
  - ~
  - ~
  - ~
  - ~
  - ~
  - ~
  - ~
  - ~
  - ~
  - ~
  - ~
  - ~
  - ~
  - ~
  - ~
  - ~
  - ~
  - ~
  - ~
  - ~
  - ~
  - ~
  - ~
  - ~
  - ~
  - ~
  - ~
  - ~
  - ~
  - ~
  - ~
  - ~
  - ~
  - ~
  - ~
  - ~
  - ~
  - ~
  - ~
  - ~
  - ~
  - ~
  - ~
  - ~
  - ~
  - ~
  - ~
  - ~
  - ~
  - ~
  - ~
  - ~
  - ~
  - ~
  - ~
  - ~
  - ~
  - ~
  - ~
  - ~
  - ~
  - ~
  - ~
  - ~
  - ~
  - ~
  - ~
  - ~
  - ~
  - ~
  - ~
  - ~
  - ~
  - ~
  - ~
  - ~
  - ~
  - ~
  - ~
  - ~
  - ~
  - ~
  - ~
  - ~
  - ~
  - ~
  - ~
  - ~
  - ~
  - ~
  - ~
  - ~
  - ~
  - ~
  - ~
  - ~
  - ~
  - ~
  - ~
  - ~
  - ~
  - ~
  - ~
  - ~
  - ~
  - ~
  - ~
  - ~
  - ~
  - ~
  - ~
  - ~
  - ~
  - ~
  - ~
  - ~
  - ~
  - ~
  - ~
  - ~
  - ~
  - ~
  - ~
  - ~
  - ~
  - ~
  - ~
  - ~
  - ~
  - ~
  - ~
  - ~
  - ~
  - ~
  - ~
  - ~
  - ~
  - ~
  - ~
  - ~
  - ~
  - ~
  - ~
  - ~
  - ~
  - ~
  - ~
  - ~
  - ~
  - ~
  - ~
  - ~
  - ~
  - ~
  - ~
  - ~
  - ~
  - ~
  - ~
  - ~
  - ~
  - ~
  - ~
  - ~
regime_states:
  - Unknown
  - Unknown
  - Unknown
  - Unknown
  - Trending
  - Trending
  - Trending
  - Trending
  - Trending
  - Trending
  - Trending
  - Trending
  - Trending
  - Trending
  - Trending
  - Trending
  - Trending
snapshots:
  - obi:
      name: obi
      value: ~
      valid: false
      timestamp_nanos: 0
    vpin:
      name: vpin
      value: 0.336
      valid: true
      timestamp_nanos: 1776470648000000000
    microprice:
      name: microprice
      value: ~
      valid: false
      timestamp_nanos: 0
  - obi:
      name: obi
      value: ~
      valid: false
      timestamp_nanos: 0
    vpin:
      name: vpin
      value: 0.328
      valid: true
      timestamp_nanos: 1776470897000000000
    microprice:
      name: microprice
      value: ~
      valid: false
      timestamp_nanos: 0
  - obi:
      name: obi
      value: ~
      valid: false
      timestamp_nanos: 0
    vpin:
      name: vpin
      value: 0.344
      valid: true
      timestamp_nanos: 1776471149000000000
    microprice:
      name: microprice
      value: ~
      valid: false
      timestamp_nanos: 0
  - obi:
      name: obi
      value: ~
      valid: false
      timestamp_nanos: 0
    vpin:
      name: vpin
      value: 0.328
      valid: true
      timestamp_nanos: 1776471398000000000
    microprice:
      name: microprice
      value: ~
      valid: false
      timestamp_nanos: 0
